// Jest Snapshot v1, https://goo.gl/fbAQLP

exports[`should return correctly 1`] = `"var _dts_jest_runtime_ = require(\\"dts-jest\\").setup(module.filename, (function () { try { return _dts_jest_ } catch (e) { return {} } })(), [{\\"header\\":{\\"line\\":0,\\"flags\\":7,\\"method\\":\\"test\\"},\\"body\\":{\\"start\\":28,\\"end\\":46,\\"one_line_expression\\":\\"Math.max(1, 2, 3)\\",\\"text\\":\\"Math.max(1, 2, 3)\\"},\\"footer\\":{\\"line\\":1,\\"expected\\":\\"3\\"}},{\\"header\\":{\\"line\\":3,\\"flags\\":8,\\"method\\":\\"test\\"},\\"body\\":{\\"start\\":73,\\"end\\":86,\\"one_line_expression\\":\\"Math.abs(-1)\\",\\"text\\":\\"Math.abs(-1)\\"},\\"footer\\":{\\"line\\":4,\\"flag\\":\\"?\\"}}])"`;
