// Jest Snapshot v1, https://goo.gl/fbAQLP

exports[`#report() should return correctly 1`] = `
"
Inferred

  expression 0

to be

  snapshot 0
"
`;

exports[`#report() should return correctly with description 1`] = `
"
description 1

Inferred

  expression 1

to be

  snapshot 1
"
`;

exports[`#snapshot() should return correctly 1`] = `"snapshot 0"`;
