// Jest Snapshot v1, https://goo.gl/fbAQLP

exports[`should throw error with unattachable trigger(s) 1`] = `
"Unattachable trigger(s) detected:

  fixtures/transform/unattachable.ts:1
  fixtures/transform/unattachable.ts:3
  fixtures/transform/unattachable.ts:5
  fixtures/transform/unattachable.ts:7"
`;

exports[`should transform correctly 1`] = `
"var _dts_jest_runtime_;beforeAll(function (done) {require(\\"dts-jest\\").setup(module.filename, [2,5,8,11,14,17,20,23,27], function () {_dts_jest_runtime_ = arguments[0];done();});});

test(\\"T.none();\\", function () {expect(_dts_jest_runtime_.snapshot(2)).toMatchSnapshot();});


test(\\"description-none\\", function () {expect(_dts_jest_runtime_.snapshot(5)).toMatchSnapshot();});


test(\\"T.show();\\", function () {console.log(_dts_jest_runtime_.snapshot(8));});


test(\\"description-show\\", function () {console.log(_dts_jest_runtime_.snapshot(11));});


test.skip(\\"T.skip();\\", function () {expect(_dts_jest_runtime_.snapshot(14)).toMatchSnapshot();});


test.skip(\\"description-skip\\", function () {expect(_dts_jest_runtime_.snapshot(17)).toMatchSnapshot();});


test.only(\\"T.only();\\", function () {expect(_dts_jest_runtime_.snapshot(20)).toMatchSnapshot();});


test.only(\\"description-only\\", function () {expect(_dts_jest_runtime_.snapshot(23)).toMatchSnapshot();});



test(\\"T.in_block();\\", function () {expect(_dts_jest_runtime_.snapshot(27)).toMatchSnapshot();});




"
`;
