// Jest Snapshot v1, https://goo.gl/fbAQLP

exports[`A Math.max('123') (type) should match snapshot 1`] = `"Argument of type 'string' is not assignable to parameter of type 'number'."`;

exports[`A Math.max('456') (type) should match snapshot 1`] = `"Argument of type 'string' is not assignable to parameter of type 'number'."`;

exports[`A Math.max(2) (type) should match snapshot 1`] = `"number"`;
