// Jest Snapshot v1, https://goo.gl/fbAQLP

exports[`snapshot_error({a: {b: {c: 1}}}) 1`] = `
"Argument of type '{ a: { b: { c: number; }; }; }' is not assignable to parameter of type '{ a: { b: { c: string; }; }; }'.
  Types of property 'a' are incompatible.
    Type '{ b: { c: number; }; }' is not assignable to type '{ b: { c: string; }; }'.
      Types of property 'b' are incompatible.
        Type '{ c: number; }' is not assignable to type '{ c: string; }'.
          Types of property 'c' are incompatible.
            Type 'number' is not assignable to type 'string'."
`;

exports[`snapshot_error({a: {b: 1}}) 1`] = `
"Argument of type '{ a: { b: number; }; }' is not assignable to parameter of type '{ a: { b: { c: string; }; }; }'.
  Types of property 'a' are incompatible.
    Type '{ b: number; }' is not assignable to type '{ b: { c: string; }; }'.
      Types of property 'b' are incompatible.
        Type 'number' is not assignable to type '{ c: string; }'."
`;

exports[`snapshot_error(1) 1`] = `"Argument of type '1' is not assignable to parameter of type '{ a: { b: { c: string; }; }; }'."`;
