// Jest Snapshot v1, https://goo.gl/fbAQLP

exports[`[].map(
    
    
      () => '',
    
    
    ) 1`] = `"string[]"`;

exports[`[].map(
      () => '',
    ) 1`] = `"string[]"`;

exports[`[].map(
    () => '',
    ) 1`] = `"string[]"`;

exports[`untitled [].map(
        () => '',
      ) 1`] = `"string[]"`;
